  wskazniki cw.2.cpp
C:\Users\programista\Desktop\2AT\4.11.2025\wskazniki cw.2\wskazniki cw.2\wskazniki cw.2.cpp(9,28): warning C4311: "typ rzutowania": obcięcie wskaźnika z "int (*)[5]" do "int"
C:\Users\programista\Desktop\2AT\4.11.2025\wskazniki cw.2\wskazniki cw.2\wskazniki cw.2.cpp(9,28): warning C4302: "typ rzutowania": obcięcie z "int (*)[5]" do "int"
C:\Users\programista\Desktop\2AT\4.11.2025\wskazniki cw.2\wskazniki cw.2\wskazniki cw.2.cpp(10,29): warning C4311: "typ rzutowania": obcięcie wskaźnika z "int *" do "int"
C:\Users\programista\Desktop\2AT\4.11.2025\wskazniki cw.2\wskazniki cw.2\wskazniki cw.2.cpp(10,29): warning C4302: "typ rzutowania": obcięcie z "int *" do "int"
C:\Users\programista\Desktop\2AT\4.11.2025\wskazniki cw.2\wskazniki cw.2\wskazniki cw.2.cpp(11,29): warning C4311: "typ rzutowania": obcięcie wskaźnika z "int *" do "int"
C:\Users\programista\Desktop\2AT\4.11.2025\wskazniki cw.2\wskazniki cw.2\wskazniki cw.2.cpp(11,29): warning C4302: "typ rzutowania": obcięcie z "int *" do "int"
C:\Users\programista\Desktop\2AT\4.11.2025\wskazniki cw.2\wskazniki cw.2\wskazniki cw.2.cpp(12,29): warning C4311: "typ rzutowania": obcięcie wskaźnika z "int *" do "int"
C:\Users\programista\Desktop\2AT\4.11.2025\wskazniki cw.2\wskazniki cw.2\wskazniki cw.2.cpp(12,29): warning C4302: "typ rzutowania": obcięcie z "int *" do "int"
C:\Users\programista\Desktop\2AT\4.11.2025\wskazniki cw.2\wskazniki cw.2\wskazniki cw.2.cpp(13,29): warning C4311: "typ rzutowania": obcięcie wskaźnika z "int *" do "int"
C:\Users\programista\Desktop\2AT\4.11.2025\wskazniki cw.2\wskazniki cw.2\wskazniki cw.2.cpp(13,29): warning C4302: "typ rzutowania": obcięcie z "int *" do "int"
C:\Users\programista\Desktop\2AT\4.11.2025\wskazniki cw.2\wskazniki cw.2\wskazniki cw.2.cpp(14,29): warning C4311: "typ rzutowania": obcięcie wskaźnika z "int *" do "int"
C:\Users\programista\Desktop\2AT\4.11.2025\wskazniki cw.2\wskazniki cw.2\wskazniki cw.2.cpp(14,29): warning C4302: "typ rzutowania": obcięcie z "int *" do "int"
C:\Users\programista\Desktop\2AT\4.11.2025\wskazniki cw.2\wskazniki cw.2\wskazniki cw.2.cpp(24,45): warning C4311: "typ rzutowania": obcięcie wskaźnika z "int *" do "int"
C:\Users\programista\Desktop\2AT\4.11.2025\wskazniki cw.2\wskazniki cw.2\wskazniki cw.2.cpp(24,45): warning C4302: "typ rzutowania": obcięcie z "int *" do "int"
C:\Users\programista\Desktop\2AT\4.11.2025\wskazniki cw.2\wskazniki cw.2\wskazniki cw.2.cpp(25,45): warning C4311: "typ rzutowania": obcięcie wskaźnika z "int *" do "int"
C:\Users\programista\Desktop\2AT\4.11.2025\wskazniki cw.2\wskazniki cw.2\wskazniki cw.2.cpp(25,45): warning C4302: "typ rzutowania": obcięcie z "int *" do "int"
C:\Users\programista\Desktop\2AT\4.11.2025\wskazniki cw.2\wskazniki cw.2\wskazniki cw.2.cpp(26,45): warning C4311: "typ rzutowania": obcięcie wskaźnika z "int *" do "int"
C:\Users\programista\Desktop\2AT\4.11.2025\wskazniki cw.2\wskazniki cw.2\wskazniki cw.2.cpp(26,45): warning C4302: "typ rzutowania": obcięcie z "int *" do "int"
C:\Users\programista\Desktop\2AT\4.11.2025\wskazniki cw.2\wskazniki cw.2\wskazniki cw.2.cpp(27,45): warning C4311: "typ rzutowania": obcięcie wskaźnika z "int *" do "int"
C:\Users\programista\Desktop\2AT\4.11.2025\wskazniki cw.2\wskazniki cw.2\wskazniki cw.2.cpp(27,45): warning C4302: "typ rzutowania": obcięcie z "int *" do "int"
C:\Users\programista\Desktop\2AT\4.11.2025\wskazniki cw.2\wskazniki cw.2\wskazniki cw.2.cpp(30,12): warning C4311: "typ rzutowania": obcięcie wskaźnika z "int *" do "int"
C:\Users\programista\Desktop\2AT\4.11.2025\wskazniki cw.2\wskazniki cw.2\wskazniki cw.2.cpp(30,12): warning C4302: "typ rzutowania": obcięcie z "int *" do "int"
  wskazniki cw.2.vcxproj -> C:\Users\programista\Desktop\2AT\4.11.2025\wskazniki cw.2\x64\Debug\wskazniki cw.2.exe
